Microchip MPLAB XC8 Compiler V2.36

Linker command line:

-W-3 --edf=C:\Program Files\Microchip\xc8\v2.36\pic\dat\en_msgs.txt -cn \
  -h+dist/default/production\lab6.X.production.sym \
  --cmf=dist/default/production\lab6.X.production.cmf -z -Q18F4550 \
  -oC:\Users\Aluno\AppData\Local\Temp\xcAs4bc.4 --defsym=__MPLAB_BUILD=1 \
  -Mdist/default/production/lab6.X.production.map \
  --md=C:\Users\Aluno\AppData\Local\Temp\xcAs4bc.dat -E1 -ver=XC8 Compiler \
  --acfsm=1493 -ACODE=00h-07FFFh -ACONST=00h-07FFFh \
  -ASMALLCONST=0800h-08FFhx120 -AMEDIUMCONST=0800h-07FFFh -ACOMRAM=01h-05Fh \
  -AABS1=00h-07FFh -ABIGRAM=01h-07FFh -ARAM=060h-0FFh,0100h-01FFhx7 \
  -ABANK0=060h-0FFh -ABANK1=0100h-01FFh -ABANK2=0200h-02FFh \
  -ABANK3=0300h-03FFh -ABANK4=0400h-04FFh -ABANK5=0500h-05FFh \
  -ABANK6=0600h-06FFh -ABANK7=0700h-07FFh -ASFR=0F60h-0FFFh \
  -ABIGSFR=0F60h-0FFFh -ACONFIG=0300000h-030000Dh -AIDLOC=0200000h-0200007h \
  -AEEDATA=0F00000h-0F000FFh -peeprom_data=EEDATA \
  -preset_vec=00h,intcode,intcodelo,powerup,init -pramtop=0800h \
  -psmallconst=SMALLCONST -pmediumconst=MEDIUMCONST -pconst=CONST \
  -AFARRAM=00h-00h \
  -prdata=COMRAM,nvrram=COMRAM,nvbit=COMRAM,rbss=COMRAM,rbit=COMRAM \
  -pfarbss=FARRAM,fardata=FARRAM,nvFARRAM=FARRAM \
  -pintsave_regs=BIGRAM,bigbss=BIGRAM,bigdata=BIGRAM -pbss=RAM \
  -pidata=CODE,irdata=CODE,ibigdata=CODE,ifardata=CODE -prparam=COMRAM \
  C:\Users\Aluno\AppData\Local\Temp\xcAs4bc.o \
  dist/default/production\lab6.X.production.o 

Object code version is 3.11

Machine type is 18F4550



                Name                               Link     Load   Length Selector   Space Scale
C:\Users\Aluno\AppData\Local\Temp\xcAs4bc.o
                idloc                            200000   200000        8        0       5
                config                           300000   300000        E        0       4
                init                                  0        0        4        0       0
dist/default/production\lab6.X.production.o
                idloc                            200000   200000        8        0       5
                config                           300000   300000        E        0       4
                smallconst                          800      800       4A      400       0
                text44                             3FC2     3FC2        A     1FE1       0
                text43                             3CE6     3CE6       46      425       0
                text42                             3FA4     3FA4       10      425       0
                text41                             3F82     3F82       12      425       0
                text40                             3D70     3D70       40      425       0
                text39                             3DEE     3DEE       3E      425       0
                text38                             347C     347C       EE      425       0
                text37                             3F5C     3F5C       26      425       0
                text36                             3E9C     3E9C       38      425       0
                text35                             3C08     3C08       52      425       0
                text34                             2BA2     2BA2      1BE      425       0
                text33                             2F14     2F14      14C      425       0
                text32                             3DB0     3DB0       3E      425       0
                text31                             3A76     3A76       72      425       0
                text30                             3ED4     3ED4       36      425       0
                text29                             29D8     29D8      1CA      425       0
                text28                             2D60     2D60      1B4      425       0
                text27                             3F0A     3F0A       2C      425       0
                text26                             37D0     37D0       C4      425       0
                text25                             3894     3894       B0      425       0
                text24                             2174     2174      39A      425       0
                text23                             3944     3944       AA      425       0
                text22                             327A     327A      104      425       0
                text21                             1D4A     1D4A      42A      425       0
                text20                             3E64     3E64       38      425       0
                text19                             1454     1454      4C0      425       0
                text18                             3CA0     3CA0       46      425       0
                text17                             3174     3174      106      425       0
                text16                             337E     337E       FE      425       0
                text15                             27C6     27C6      212      425       0
                text14                             3FCC     3FCC        2     1FE1       0
                text13                             3640     3640       CA      425       0
                text12                             3D2C     3D2C       44      425       0
                text11                             370A     370A       C6      425       0
                text10                             3BAC     3BAC       5C      425       0
                text9                              3E2C     3E2C       38      425       0
                text8                              3C5A     3C5A       46      425       0
                text7                               84A      84A      C0A      425       0
                text6                              356A     356A       D6      425       0
                text5                              1914     1914      436      425       0
                text4                              3B4A     3B4A       62      425       0
                text3                              3060     3060      114      425       0
                text2                              3F36     3F36       26      425       0
                text1                              250E     250E      2B8      425       0
                text0                              39EE     39EE       88      425       0
                cstackCOMRAM                          1        1       5F        1       1
                cstackBANK0                          60       60       6F       60       1
                dataBANK1                           164      164       10      100       1
                bssBANK1                            100      100       64      100       1
                dataBANK0                            EF       EF        D       60       1
                bssBANK0                             CF       CF       20       60       1
                cinit                              3AE8     3AE8       62      425       0
                idataBANK1                         3F94     3F94       10      425       0
                idataBANK0                         3FB4     3FB4        D      425       0

TOTAL           Name                               Link     Load   Length     Space
        CLASS   CODE           
                init                                  0        0        4         0
                text44                             3FC2     3FC2        A         0
                text43                             3CE6     3CE6       46         0
                text42                             3FA4     3FA4       10         0
                text41                             3F82     3F82       12         0
                text40                             3D70     3D70       40         0
                text39                             3DEE     3DEE       3E         0
                text38                             347C     347C       EE         0
                text37                             3F5C     3F5C       26         0
                text36                             3E9C     3E9C       38         0
                text35                             3C08     3C08       52         0
                text34                             2BA2     2BA2      1BE         0
                text33                             2F14     2F14      14C         0
                text32                             3DB0     3DB0       3E         0
                text31                             3A76     3A76       72         0
                text30                             3ED4     3ED4       36         0
                text29                             29D8     29D8      1CA         0
                text28                             2D60     2D60      1B4         0
                text27                             3F0A     3F0A       2C         0
                text26                             37D0     37D0       C4         0
                text25                             3894     3894       B0         0
                text24                             2174     2174      39A         0
                text23                             3944     3944       AA         0
                text22                             327A     327A      104         0
                text21                             1D4A     1D4A      42A         0
                text20                             3E64     3E64       38         0
                text19                             1454     1454      4C0         0
                text18                             3CA0     3CA0       46         0
                text17                             3174     3174      106         0
                text16                             337E     337E       FE         0
                text15                             27C6     27C6      212         0
                text14                             3FCC     3FCC        2         0
                text13                             3640     3640       CA         0
                text12                             3D2C     3D2C       44         0
                text11                             370A     370A       C6         0
                text10                             3BAC     3BAC       5C         0
                text9                              3E2C     3E2C       38         0
                text8                              3C5A     3C5A       46         0
                text7                               84A      84A      C0A         0
                text6                              356A     356A       D6         0
                text5                              1914     1914      436         0
                text4                              3B4A     3B4A       62         0
                text3                              3060     3060      114         0
                text2                              3F36     3F36       26         0
                text1                              250E     250E      2B8         0
                text0                              39EE     39EE       88         0
                cinit                              3AE8     3AE8       62         0
                idataBANK1                         3F94     3F94       10         0
                idataBANK0                         3FB4     3FB4        D         0

        CLASS   CONST          

        CLASS   SMALLCONST     
                smallconst                          800      800       4A         0

        CLASS   MEDIUMCONST    

        CLASS   COMRAM         
                cstackCOMRAM                          1        1       5F         1

        CLASS   ABS1           

        CLASS   BIGRAM         

        CLASS   RAM            

        CLASS   BANK0          
                cstackBANK0                          60       60       6F         1
                dataBANK0                            EF       EF        D         1
                bssBANK0                             CF       CF       20         1

        CLASS   BANK1          
                dataBANK1                           164      164       10         1
                bssBANK1                            100      100       64         1

        CLASS   BANK2          

        CLASS   BANK3          

        CLASS   BANK4          

        CLASS   BANK5          

        CLASS   BANK6          

        CLASS   BANK7          

        CLASS   SFR            

        CLASS   BIGSFR         

        CLASS   CONFIG         
                config                           300000   300000        E         4

        CLASS   IDLOC          
                idloc                            200000   200000        8         5

        CLASS   EEDATA         

        CLASS   FARRAM         

        CLASS   HEAP           

        CLASS   STACK          



SEGMENTS        Name                           Load    Length   Top    Selector   Space  Class

                reset_vec                      000000  000004  000004         0       0  CODE    
                cstackCOMRAM                   000001  00005F  000060         1       1  COMRAM  
                cstackBANK0                    000060  00009C  0000FC        60       1  BANK0   
                bssBANK1                       000100  000074  000174       100       1  BANK1   
                smallconst                     000800  00004A  00084A       400       0  SMALLCON
                text7                          00084A  003777  003FC1       425       0  CODE    
                text44                         003FC2  00000C  003FCE      1FE1       0  CODE    


UNUSED ADDRESS RANGES

        Name                Unused          Largest block    Delta
        BANK0            0000FC-0000FF                4
        BANK1            000174-0001FF               8C
        BANK2            000200-0002FF              100
        BANK3            000300-0003FF              100
        BANK4            000400-0004FF              100
        BANK5            000500-0005FF              100
        BANK6            000600-0006FF              100
        BANK7            000700-0007FF              100
        BIGRAM           0000FC-0000FF                4
                         000174-0007FF              68C
        BIGSFR           000F60-000FFF               A0
        CODE             000004-0007FF              7FC
                         003FC1-003FC1                1
                         003FCE-007FFF             4032
        CONST            000004-0007FF              7FC
                         003FC1-003FC1                1
                         003FCE-007FFF             4032
        EEDATA           F00000-F000FF              100
        MEDIUMCONST      003FC1-003FC1                1
                         003FCE-007FFF             4032
        RAM              0000FC-0000FF                4
                         000174-0007FF              100
        SFR              000F60-000FFF               A0
        SMALLCONST       003FC1-003FC1                1
                         003FCE-007FFF              100

                                  Symbol Table

?___awdiv                cstackCOMRAM 000001
?___awmod                cstackCOMRAM 000001
?___fladd                cstackCOMRAM 000001
?___fldiv                cstackCOMRAM 000028
?___flmul                cstackCOMRAM 00000F
?___flneg                cstackCOMRAM 000001
?___flsub                cstackCOMRAM 000028
?___fltol                cstackCOMRAM 000001
?___fpclassifyf          cstackCOMRAM 000001
?___wmul                 cstackCOMRAM 000001
?___xxtofl               cstackCOMRAM 000001
?_atoi                   cstackCOMRAM 000008
?_efgtoa                 cstackCOMRAM 000055
?_floorf                 cstackCOMRAM 000041
?_isdigit                cstackCOMRAM 000001
?_isspace                cstackCOMRAM 000001
?_isupper                cstackCOMRAM 000001
?_lerTemp                cstackCOMRAM 000001
?_pad                    cstackCOMRAM 000011
?_snprintf               cstackBANK0  0000AD
?_strlen                 cstackCOMRAM 000001
?_strncmp                cstackCOMRAM 000001
?_tolower                cstackCOMRAM 000007
?_vfpfcnvrt              cstackBANK0  000097
?_vfprintf               cstackBANK0  0000A5
OpenXLCD@lcdtype         cstackCOMRAM 000002
SetDDRamAddr@DDaddr      cstackCOMRAM 000001
WriteCmdXLCD@cmd         cstackCOMRAM 000001
WriteDataXLCD@data       cstackCOMRAM 000001
_ADCON0                  (abs)        000FC2
_ADCON0bits              (abs)        000FC2
_ADCON1                  (abs)        000FC1
_ADCON2                  (abs)        000FC0
_ADRESH                  (abs)        000FC4
_ADRESL                  (abs)        000FC3
_BusyXLCD                text43       003CE6
_DelayFor18TCY           text44       003FC2
_DelayPORXLCD            text42       003FA4
_DelayXLCD               text41       003F82
_LATEbits                (abs)        000F8D
_OpenXLCD                text38       00347C
_PORTB                   (abs)        000F81
_PORTBbits               (abs)        000F81
_PORTD                   (abs)        000F83
_PORTDbits               (abs)        000F83
_SetDDRamAddr            text40       003D70
_TRISAbits               (abs)        000F92
_TRISB                   (abs)        000F93
_TRISD                   (abs)        000F95
_TRISDbits               (abs)        000F95
_TRISEbits               (abs)        000F96
_WriteCmdXLCD            text39       003DEE
_WriteDataXLCD           text32       003DB0
__HRAM                   (abs)        000000
__Habs1                  abs1         000000
__Hbank0                 bank0        000000
__Hbank1                 bank1        000000
__Hbank2                 bank2        000000
__Hbank3                 bank3        000000
__Hbank4                 bank4        000000
__Hbank5                 bank5        000000
__Hbank6                 bank6        000000
__Hbank7                 bank7        000000
__Hbigbss                bigbss       000000
__Hbigdata               bigdata      000000
__Hbigram                bigram       000000
__Hbigsfr                bigsfr       000000
__Hbss                   bss          000000
__HbssBANK0              bssBANK0     000000
__HbssBANK1              bssBANK1     000000
__Hcinit                 cinit        000000
__Hclrtext               clrtext      000000
__Hcomram                comram       000000
__Hconfig                config       30000E
__Hconst                 const        000000
__HcstackBANK0           cstackBANK0  000000
__HcstackCOMRAM          cstackCOMRAM 000000
__Hdata                  data         000000
__HdataBANK0             dataBANK0    000000
__HdataBANK1             dataBANK1    000000
__Heeprom_data           eeprom_data  000000
__Hfarbss                farbss       000000
__Hfardata               fardata      000000
__Hheap                  heap         000000
__Hibigdata              ibigdata     000000
__Hidata                 idata        000000
__HidataBANK0            idataBANK0   000000
__HidataBANK1            idataBANK1   000000
__Hidloc                 idloc        200008
__Hifardata              ifardata     000000
__Hinit                  init         000004
__Hintcode               intcode      000000
__Hintcode_body          intcode_body 000000
__Hintcodelo             intcodelo    000000
__Hintentry              intentry     000000
__Hintret                intret       000000
__Hintsave_regs          intsave_regs 000000
__Hirdata                irdata       000000
__Hmediumconst           mediumconst  000000
__HnvFARRAM              nvFARRAM     000000
__Hnvbit                 nvbit        000000
__Hnvrram                nvrram       000000
__Hparam                 rparam       000000
__Hpowerup               powerup      000000
__Hram                   ram          000000
__Hramtop                ramtop       000800
__Hrbit                  rbit         000000
__Hrbss                  rbss         000000
__Hrdata                 rdata        000000
__Hreset_vec             reset_vec    000000
__Hrparam                rparam       000000
__Hsfr                   sfr          000000
__Hsmallconst            smallconst   00084A
__Hspace_0               (abs)        003FCE
__Hspace_1               (abs)        000174
__Hspace_2               (abs)        000000
__Hspace_4               (abs)        60000E
__Hstack                 stack        000000
__Hstruct                struct       000000
__Htemp                  temp         000000
__Htext                  text         000000
__Htext0                 text0        000000
__Htext1                 text1        000000
__Htext10                text10       000000
__Htext11                text11       000000
__Htext12                text12       000000
__Htext13                text13       000000
__Htext14                text14       000000
__Htext15                text15       000000
__Htext16                text16       000000
__Htext17                text17       000000
__Htext18                text18       000000
__Htext19                text19       000000
__Htext2                 text2        000000
__Htext20                text20       000000
__Htext21                text21       000000
__Htext22                text22       000000
__Htext23                text23       000000
__Htext24                text24       000000
__Htext25                text25       000000
__Htext26                text26       000000
__Htext27                text27       000000
__Htext28                text28       000000
__Htext29                text29       000000
__Htext3                 text3        000000
__Htext30                text30       000000
__Htext31                text31       000000
__Htext32                text32       000000
__Htext33                text33       000000
__Htext34                text34       000000
__Htext35                text35       000000
__Htext36                text36       000000
__Htext37                text37       000000
__Htext38                text38       000000
__Htext39                text39       000000
__Htext4                 text4        000000
__Htext40                text40       000000
__Htext41                text41       000000
__Htext42                text42       000000
__Htext43                text43       000000
__Htext44                text44       000000
__Htext5                 text5        000000
__Htext6                 text6        000000
__Htext7                 text7        000000
__Htext8                 text8        000000
__Htext9                 text9        000000
__LRAM                   (abs)        000001
__Labs1                  abs1         000000
__Lbank0                 bank0        000000
__Lbank1                 bank1        000000
__Lbank2                 bank2        000000
__Lbank3                 bank3        000000
__Lbank4                 bank4        000000
__Lbank5                 bank5        000000
__Lbank6                 bank6        000000
__Lbank7                 bank7        000000
__Lbigbss                bigbss       000000
__Lbigdata               bigdata      000000
__Lbigram                bigram       000000
__Lbigsfr                bigsfr       000000
__Lbss                   bss          000000
__LbssBANK0              bssBANK0     000000
__LbssBANK1              bssBANK1     000000
__Lcinit                 cinit        000000
__Lclrtext               clrtext      000000
__Lcomram                comram       000000
__Lconfig                config       000000
__Lconst                 const        000000
__LcstackBANK0           cstackBANK0  000000
__LcstackCOMRAM          cstackCOMRAM 000000
__Ldata                  data         000000
__LdataBANK0             dataBANK0    000000
__LdataBANK1             dataBANK1    000000
__Leeprom_data           eeprom_data  000000
__Lfarbss                farbss       000000
__Lfardata               fardata      000000
__Lheap                  heap         000000
__Libigdata              ibigdata     000000
__Lidata                 idata        000000
__LidataBANK0            idataBANK0   000000
__LidataBANK1            idataBANK1   000000
__Lidloc                 idloc        000000
__Lifardata              ifardata     000000
__Linit                  init         000000
__Lintcode               intcode      000000
__Lintcode_body          intcode_body 000000
__Lintcodelo             intcodelo    000000
__Lintentry              intentry     000000
__Lintret                intret       000000
__Lintsave_regs          intsave_regs 000000
__Lirdata                irdata       000000
__Lmediumconst           mediumconst  000000
__LnvFARRAM              nvFARRAM     000000
__Lnvbit                 nvbit        000000
__Lnvrram                nvrram       000000
__Lparam                 rparam       000000
__Lpowerup               powerup      000000
__Lram                   ram          000000
__Lramtop                ramtop       000800
__Lrbit                  rbit         000000
__Lrbss                  rbss         000000
__Lrdata                 rdata        000000
__Lreset_vec             reset_vec    000000
__Lrparam                rparam       000000
__Lsfr                   sfr          000000
__Lsmallconst            smallconst   000800
__Lspace_0               (abs)        000000
__Lspace_1               (abs)        000000
__Lspace_2               (abs)        000000
__Lspace_4               (abs)        000000
__Lstack                 stack        000000
__Lstruct                struct       000000
__Ltemp                  temp         000000
__Ltext                  text         000000
__Ltext0                 text0        000000
__Ltext1                 text1        000000
__Ltext10                text10       000000
__Ltext11                text11       000000
__Ltext12                text12       000000
__Ltext13                text13       000000
__Ltext14                text14       000000
__Ltext15                text15       000000
__Ltext16                text16       000000
__Ltext17                text17       000000
__Ltext18                text18       000000
__Ltext19                text19       000000
__Ltext2                 text2        000000
__Ltext20                text20       000000
__Ltext21                text21       000000
__Ltext22                text22       000000
__Ltext23                text23       000000
__Ltext24                text24       000000
__Ltext25                text25       000000
__Ltext26                text26       000000
__Ltext27                text27       000000
__Ltext28                text28       000000
__Ltext29                text29       000000
__Ltext3                 text3        000000
__Ltext30                text30       000000
__Ltext31                text31       000000
__Ltext32                text32       000000
__Ltext33                text33       000000
__Ltext34                text34       000000
__Ltext35                text35       000000
__Ltext36                text36       000000
__Ltext37                text37       000000
__Ltext38                text38       000000
__Ltext39                text39       000000
__Ltext4                 text4        000000
__Ltext40                text40       000000
__Ltext41                text41       000000
__Ltext42                text42       000000
__Ltext43                text43       000000
__Ltext44                text44       000000
__Ltext5                 text5        000000
__Ltext6                 text6        000000
__Ltext7                 text7        000000
__Ltext8                 text8        000000
__Ltext9                 text9        000000
__S0                     (abs)        003FCE
__S1                     (abs)        000174
__S4                     (abs)        000000
__S5                     (abs)        000000
___awdiv                 text26       0037D0
___awdiv@counter         cstackCOMRAM 000005
___awdiv@dividend        cstackCOMRAM 000001
___awdiv@divisor         cstackCOMRAM 000003
___awdiv@quotient        cstackCOMRAM 000007
___awdiv@sign            cstackCOMRAM 000006
___awmod                 text25       003894
___awmod@counter         cstackCOMRAM 000005
___awmod@dividend        cstackCOMRAM 000001
___awmod@divisor         cstackCOMRAM 000003
___awmod@sign            cstackCOMRAM 000006
___fladd                 text19       001454
___fladd@a               cstackCOMRAM 000005
___fladd@aexp            cstackCOMRAM 00000E
___fladd@b               cstackCOMRAM 000001
___fladd@bexp            cstackCOMRAM 00000F
___fladd@grs             cstackCOMRAM 000010
___fladd@signs           cstackCOMRAM 00000D
___fldiv                 text24       002174
___fldiv@a               cstackCOMRAM 00002C
___fldiv@aexp            cstackCOMRAM 000040
___fldiv@b               cstackCOMRAM 000028
___fldiv@bexp            cstackCOMRAM 00003F
___fldiv@grs             cstackCOMRAM 00003B
___fldiv@new_exp         cstackCOMRAM 000039
___fldiv@rem             cstackCOMRAM 000034
___fldiv@sign            cstackCOMRAM 000038
___fleq                  text23       003944
___fleq@ff1              cstackCOMRAM 000001
___fleq@ff2              cstackCOMRAM 000005
___flge                  text22       00327A
___flge@ff1              cstackCOMRAM 000028
___flge@ff2              cstackCOMRAM 00002C
___flmul                 text21       001D4A
___flmul@a               cstackCOMRAM 000013
___flmul@aexp            cstackCOMRAM 000020
___flmul@b               cstackCOMRAM 00000F
___flmul@bexp            cstackCOMRAM 000021
___flmul@grs             cstackCOMRAM 00001C
___flmul@prod            cstackCOMRAM 000022
___flmul@sign            cstackCOMRAM 00001B
___flmul@temp            cstackCOMRAM 000026
___flneg                 text20       003E64
___flneg@f1              cstackCOMRAM 000001
___flsub                 text18       003CA0
___flsub@a               cstackCOMRAM 00002C
___flsub@b               cstackCOMRAM 000028
___fltol                 text17       003174
___fltol@exp1            cstackCOMRAM 00000A
___fltol@f1              cstackCOMRAM 000001
___fltol@sign1           cstackCOMRAM 000009
___fpclassifyf           text16       00337E
___fpclassifyf@F465      bssBANK0     0000DD
___fpclassifyf@e         cstackCOMRAM 000009
___fpclassifyf@u         cstackCOMRAM 00000B
___fpclassifyf@x         cstackCOMRAM 000001
___heap_hi               (abs)        000000
___heap_lo               (abs)        000000
___inthi_sp              stack        000000
___intlo_sp              stack        000000
___param_bank            (abs)        000000
___rparam_used           (abs)        000001
___sp                    stack        000000
___wmul                  text37       003F5C
___wmul@multiplicand     cstackCOMRAM 000003
___wmul@multiplier       cstackCOMRAM 000001
___wmul@product          cstackCOMRAM 000005
___xxtofl                text28       002D60
___xxtofl@arg            cstackCOMRAM 00000B
___xxtofl@exp            cstackCOMRAM 00000A
___xxtofl@sign           cstackCOMRAM 000009
___xxtofl@val            cstackCOMRAM 000001
__accesstop              (abs)        000060
__activetblptr           (abs)        000002
__end_of_BusyXLCD        text43       003D2C
__end_of_DelayFor18TCY   text44       003FCC
__end_of_DelayPORXLCD    text42       003FB4
__end_of_DelayXLCD       text41       003F94
__end_of_OpenXLCD        text38       00356A
__end_of_SetDDRamAddr    text40       003DB0
__end_of_WriteCmdXLCD    text39       003E2C
__end_of_WriteDataXLCD   text32       003DEE
__end_of___awdiv         text26       003894
__end_of___awmod         text25       003944
__end_of___fladd         text19       001914
__end_of___fldiv         text24       00250E
__end_of___fleq          text23       0039EE
__end_of___flge          text22       00337E
__end_of___flmul         text21       002174
__end_of___flneg         text20       003E9C
__end_of___flsub         text18       003CE6
__end_of___fltol         text17       00327A
__end_of___fpclassifyf   text16       00347C
__end_of___wmul          text37       003F82
__end_of___xxtofl        text28       002F14
__end_of__initialization cinit        003B40
__end_of_atoi            text34       002D60
__end_of_efgtoa          text7        001454
__end_of_floorf          text15       0029D8
__end_of_fputc           text13       00370A
__end_of_fputs           text12       003D70
__end_of_isdigit         text36       003ED4
__end_of_isspace         text35       003C5A
__end_of_isupper         text9        003E64
__end_of_lerTeclado      text33       003060
__end_of_lerTemp         text27       003F36
__end_of_main            text0        003A76
__end_of_menuConfig      text29       002BA2
__end_of_menuTemperatura text1        0027C6
__end_of_pad             text11       0037D0
__end_of_putch           text14       003FCE
__end_of_putsXLCD        text31       003AE8
__end_of_snprintf        text3        003174
__end_of_strcat          text2        003F5C
__end_of_strcpy          text10       003C08
__end_of_strlen          text30       003F0A
__end_of_strncmp         text6        003640
__end_of_tolower         text8        003CA0
__end_of_vfpfcnvrt       text5        001D4A
__end_of_vfprintf        text4        003BAC
__initialization         cinit        003AE8
__mediumconst            mediumconst  000000
__pbssBANK0              bssBANK0     0000CF
__pbssBANK1              bssBANK1     000100
__pcinit                 cinit        003AE8
__pcstackBANK0           cstackBANK0  000060
__pcstackCOMRAM          cstackCOMRAM 000001
__pdataBANK0             dataBANK0    0000EF
__pdataBANK1             dataBANK1    000164
__pidataBANK0            idataBANK0   003FB4
__pidataBANK1            idataBANK1   003F94
__psmallconst            smallconst   000800
__ptext0                 text0        0039EE
__ptext1                 text1        00250E
__ptext10                text10       003BAC
__ptext11                text11       00370A
__ptext12                text12       003D2C
__ptext13                text13       003640
__ptext14                text14       003FCC
__ptext15                text15       0027C6
__ptext16                text16       00337E
__ptext17                text17       003174
__ptext18                text18       003CA0
__ptext19                text19       001454
__ptext2                 text2        003F36
__ptext20                text20       003E64
__ptext21                text21       001D4A
__ptext22                text22       00327A
__ptext23                text23       003944
__ptext24                text24       002174
__ptext25                text25       003894
__ptext26                text26       0037D0
__ptext27                text27       003F0A
__ptext28                text28       002D60
__ptext29                text29       0029D8
__ptext3                 text3        003060
__ptext30                text30       003ED4
__ptext31                text31       003A76
__ptext32                text32       003DB0
__ptext33                text33       002F14
__ptext34                text34       002BA2
__ptext35                text35       003C08
__ptext36                text36       003E9C
__ptext37                text37       003F5C
__ptext38                text38       00347C
__ptext39                text39       003DEE
__ptext4                 text4        003B4A
__ptext40                text40       003D70
__ptext41                text41       003F82
__ptext42                text42       003FA4
__ptext43                text43       003CE6
__ptext44                text44       003FC2
__ptext5                 text5        001914
__ptext6                 text6        00356A
__ptext7                 text7        00084A
__ptext8                 text8        003C5A
__ptext9                 text9        003E2C
__ramtop                 ramtop       000800
__smallconst             smallconst   000800
_atoi                    text34       002BA2
_clicado                 dataBANK0    0000F7
_coluna                  bssBANK0     0000ED
_dbuf                    bssBANK1     000100
_efgtoa                  text7        00084A
_efgtoa$1068             cstackBANK0  000065
_efgtoa$1076             cstackBANK0  000067
_efgtoa$1077             cstackBANK0  000069
_errno                   bssBANK0     0000E9
_flags                   bssBANK0     0000E7
_floorf                  text15       0027C6
_fputc                   text13       003640
_fputs                   text12       003D2C
_isdigit                 text36       003E9C
_isspace                 text35       003C08
_isspace$939             cstackCOMRAM 000007
_isupper                 text9        003E2C
_lerTeclado              text33       002F14
_lerTemp                 text27       003F0A
_linha                   dataBANK0    0000F9
_main                    text0        0039EE
_menuConfig              text29       0029D8
_menuTemperatura         text1        00250E
_nout                    bssBANK0     0000E1
_pad                     text11       00370A
_prec                    bssBANK0     0000E5
_putch                   text14       003FCC
_putsXLCD                text31       003A76
_raw                     bssBANK0     0000EB
_snprintf                text3        003060
_snprintf$980            cstackBANK0  0000BC
_strcat                  text2        003F36
_strcpy                  text10       003BAC
_strlen                  text30       003ED4
_strncmp                 text6        00356A
_table                   dataBANK1    000164
_tempAlta                dataBANK0    0000F5
_tempCritica             dataBANK0    0000F3
_temperatura             dataBANK0    0000EF
_temperaturaS            bssBANK1     000150
_tolower                 text8        003C5A
_value                   dataBANK0    0000FB
_vfpfcnvrt               text5        001914
_vfprintf                text4        003B4A
_width                   bssBANK0     0000E3
atoi@n                   cstackCOMRAM 000010
atoi@neg                 cstackCOMRAM 00000E
atoi@s                   cstackCOMRAM 000008
efgtoa@c                 cstackCOMRAM 00005B
efgtoa@d                 cstackBANK0  000077
efgtoa@e                 cstackBANK0  00008F
efgtoa@f                 cstackCOMRAM 000057
efgtoa@fp                cstackCOMRAM 000055
efgtoa@g                 cstackBANK0  00008B
efgtoa@h                 cstackBANK0  000081
efgtoa@i                 cstackBANK0  000089
efgtoa@l                 cstackBANK0  000085
efgtoa@m                 cstackBANK0  000071
efgtoa@mode              cstackBANK0  000080
efgtoa@n                 cstackBANK0  000091
efgtoa@ne                cstackBANK0  00006F
efgtoa@nmode             cstackBANK0  00007F
efgtoa@ou                cstackBANK0  000073
efgtoa@p                 cstackBANK0  00007B
efgtoa@pp                cstackBANK0  00006D
efgtoa@sign              cstackBANK0  000079
efgtoa@t                 cstackBANK0  00006B
efgtoa@u                 cstackBANK0  000093
efgtoa@w                 cstackBANK0  00007D
end_of_initialization    cinit        003B40
floorf@F526              bssBANK0     0000D9
floorf@e                 cstackCOMRAM 00004F
floorf@m                 cstackCOMRAM 00004B
floorf@u                 cstackCOMRAM 000051
floorf@x                 cstackCOMRAM 000041
fputc@c                  cstackCOMRAM 000001
fputc@fp                 cstackCOMRAM 000003
fputs@c                  cstackCOMRAM 00000E
fputs@fp                 cstackCOMRAM 00000C
fputs@i                  cstackCOMRAM 00000F
fputs@s                  cstackCOMRAM 00000A
intlevel0                text         000000
intlevel1                text         000000
intlevel2                text         000000
intlevel3                text         000000
isa$std                  (abs)        000001
isa$xinst                (abs)        000000
isdigit@c                cstackCOMRAM 000001
isspace@c                cstackCOMRAM 000001
isupper@c                cstackCOMRAM 000001
lerTemp@temp             cstackCOMRAM 000005
menuConfig@i             cstackCOMRAM 00001E
menuConfig@novaTemp      cstackCOMRAM 000014
pad@buf                  cstackCOMRAM 000013
pad@fp                   cstackCOMRAM 000011
pad@i                    cstackCOMRAM 000018
pad@p                    cstackCOMRAM 000015
pad@w                    cstackCOMRAM 00001A
putsXLCD@buffer          cstackCOMRAM 000002
snprintf@ap              cstackBANK0  0000BE
snprintf@cnt             cstackBANK0  0000C0
snprintf@f               cstackBANK0  0000C2
snprintf@fmt             cstackBANK0  0000B1
snprintf@n               cstackBANK0  0000AF
snprintf@s               cstackBANK0  0000AD
stackhi                  (abs)        000000
stacklo                  (abs)        000000
start                    init         000000
start_initialization     cinit        003AE8
strcat@dest              cstackCOMRAM 00000F
strcat@src               cstackCOMRAM 000011
strcpy@d                 cstackCOMRAM 00000D
strcpy@dest              cstackCOMRAM 000005
strcpy@s                 cstackCOMRAM 00000B
strcpy@src               cstackCOMRAM 000007
strlen@a                 cstackCOMRAM 000003
strlen@s                 cstackCOMRAM 000001
strncmp@_l               cstackCOMRAM 000001
strncmp@_r               cstackCOMRAM 000003
strncmp@l                cstackCOMRAM 000008
strncmp@n                cstackCOMRAM 000005
strncmp@r                cstackCOMRAM 00000A
tolower@c                cstackCOMRAM 000007
vfpfcnvrt@ap             cstackBANK0  00009B
vfpfcnvrt@c              cstackBANK0  0000A4
vfpfcnvrt@ct             cstackBANK0  0000A1
vfpfcnvrt@f              cstackBANK0  00009D
vfpfcnvrt@fmt            cstackBANK0  000099
vfpfcnvrt@fp             cstackBANK0  000097
vfprintf@ap              cstackBANK0  0000A9
vfprintf@cfmt            cstackBANK0  0000AB
vfprintf@fmt             cstackBANK0  0000A7
vfprintf@fp              cstackBANK0  0000A5


MODULE INFORMATION

Module		Function		Class		Link	Load	Size
C:\Program Files\Microchip\xc8\v2.36\pic\sources\c99\common\putch.c
		_putch         		CODE           	3FCC	0000	2

C:\Program Files\Microchip\xc8\v2.36\pic\sources\c99\common\putch.c estimated size: 2

C:\Program Files\Microchip\xc8\v2.36\pic\sources\c99\common\nf_fputs.c
		_fputs         		CODE           	3D2C	0000	68

C:\Program Files\Microchip\xc8\v2.36\pic\sources\c99\common\nf_fputs.c estimated size: 68

C:\Program Files\Microchip\xc8\v2.36\pic\sources\c99\common\strncmp.c
		_strncmp       		CODE           	356A	0000	214

C:\Program Files\Microchip\xc8\v2.36\pic\sources\c99\common\strncmp.c estimated size: 214

C:\Program Files\Microchip\xc8\v2.36\pic\sources\c99\common\tolower.c
		_tolower       		CODE           	3C5A	0000	70

C:\Program Files\Microchip\xc8\v2.36\pic\sources\c99\common\tolower.c estimated size: 70

C:\Program Files\Microchip\xc8\v2.36\pic\sources\c99\common\__fpclassifyf.c
		___fpclassifyf 		CODE           	337E	0000	254

C:\Program Files\Microchip\xc8\v2.36\pic\sources\c99\common\__fpclassifyf.c estimated size: 254

C:\Program Files\Microchip\xc8\v2.36\pic\sources\c99\common\sprcmul.c
		___flmul       		CODE           	1D4A	0000	1066

C:\Program Files\Microchip\xc8\v2.36\pic\sources\c99\common\sprcmul.c estimated size: 1066

C:\Program Files\Microchip\xc8\v2.36\pic\sources\c99\common\floorf.c
		_floorf        		CODE           	27C6	0000	530

C:\Program Files\Microchip\xc8\v2.36\pic\sources\c99\common\floorf.c estimated size: 530

C:\Program Files\Microchip\xc8\v2.36\pic\sources\c99\common\sprcdiv.c
		___fldiv       		CODE           	2174	0000	922

C:\Program Files\Microchip\xc8\v2.36\pic\sources\c99\common\sprcdiv.c estimated size: 922

C:\Program Files\Microchip\xc8\v2.36\pic\sources\c99\common\atoi.c
		_atoi          		CODE           	2BA2	0000	446

C:\Program Files\Microchip\xc8\v2.36\pic\sources\c99\common\atoi.c estimated size: 446

C:\Program Files\Microchip\xc8\v2.36\pic\sources\c99\common\fleq.c
		___fleq        		CODE           	3944	0000	170

C:\Program Files\Microchip\xc8\v2.36\pic\sources\c99\common\fleq.c estimated size: 170

C:\Program Files\Microchip\xc8\v2.36\pic\sources\c99\common\awmod.c
		___awmod       		CODE           	3894	0000	176

C:\Program Files\Microchip\xc8\v2.36\pic\sources\c99\common\awmod.c estimated size: 176

C:\Program Files\Microchip\xc8\v2.36\pic\sources\c99\common\strcat.c
		_strcat        		CODE           	3F36	0000	38

C:\Program Files\Microchip\xc8\v2.36\pic\sources\c99\common\strcat.c estimated size: 38

C:\Program Files\Microchip\xc8\v2.36\pic\sources\c99\common\isspace.c
		_isspace       		CODE           	3C08	0000	82

C:\Program Files\Microchip\xc8\v2.36\pic\sources\c99\common\isspace.c estimated size: 82

C:\Program Files\Microchip\xc8\v2.36\pic\sources\c99\common\xxtofl.c
		___xxtofl      		CODE           	2D60	0000	436

C:\Program Files\Microchip\xc8\v2.36\pic\sources\c99\common\xxtofl.c estimated size: 436

C:\Program Files\Microchip\xc8\v2.36\pic\sources\c99\common\strlen.c
		_strlen        		CODE           	3ED4	0000	54

C:\Program Files\Microchip\xc8\v2.36\pic\sources\c99\common\strlen.c estimated size: 54

C:\Program Files\Microchip\xc8\v2.36\pic\sources\c99\common\strcpy.c
		_strcpy        		CODE           	3BAC	0000	92

C:\Program Files\Microchip\xc8\v2.36\pic\sources\c99\common\strcpy.c estimated size: 92

C:\Program Files\Microchip\xc8\v2.36\pic\sources\c99\common\nf_fputc.c
		_fputc         		CODE           	3640	0000	202

C:\Program Files\Microchip\xc8\v2.36\pic\sources\c99\common\nf_fputc.c estimated size: 202

C:\Program Files\Microchip\xc8\v2.36\pic\sources\c99\common\isdigit.c
		_isdigit       		CODE           	3E9C	0000	56

C:\Program Files\Microchip\xc8\v2.36\pic\sources\c99\common\isdigit.c estimated size: 56

C:\Program Files\Microchip\xc8\v2.36\pic\sources\c99\common\sprcadd.c
		___flsub       		CODE           	3CA0	0000	70
		___fladd       		CODE           	1454	0000	1216

C:\Program Files\Microchip\xc8\v2.36\pic\sources\c99\common\sprcadd.c estimated size: 1286

nxlcd.c
		_BusyXLCD      		CODE           	3CE6	0000	70
		_putsXLCD      		CODE           	3A76	0000	114
		_DelayFor18TCY 		CODE           	3FC2	0000	10
		_DelayXLCD     		CODE           	3F82	0000	18
		_WriteCmdXLCD  		CODE           	3DEE	0000	62
		_OpenXLCD      		CODE           	347C	0000	238
		_WriteDataXLCD 		CODE           	3DB0	0000	62
		_SetDDRamAddr  		CODE           	3D70	0000	64
		_DelayPORXLCD  		CODE           	3FA4	0000	16

nxlcd.c estimated size: 654

C:\Program Files\Microchip\xc8\v2.36\pic\sources\c99\common\awdiv.c
		___awdiv       		CODE           	37D0	0000	196

C:\Program Files\Microchip\xc8\v2.36\pic\sources\c99\common\awdiv.c estimated size: 196

C:\Program Files\Microchip\xc8\v2.36\pic\sources\c99\common\doprnt.c
		_vfpfcnvrt     		CODE           	1914	0000	1078
		_efgtoa        		CODE           	084A	0000	3082
		_pad           		CODE           	370A	0000	198
		_vfprintf      		CODE           	3B4A	0000	98

C:\Program Files\Microchip\xc8\v2.36\pic\sources\c99\common\doprnt.c estimated size: 4456

C:\Program Files\Microchip\xc8\v2.36\pic\sources\c99\common\fltol.c
		___fltol       		CODE           	3174	0000	262

C:\Program Files\Microchip\xc8\v2.36\pic\sources\c99\common\fltol.c estimated size: 262

shared
		__initialization		CODE           	3AE8	0000	88

shared estimated size: 88

C:\Program Files\Microchip\xc8\v2.36\pic\sources\c99\common\nf_snprintf.c
		_snprintf      		CODE           	3060	0000	276

C:\Program Files\Microchip\xc8\v2.36\pic\sources\c99\common\nf_snprintf.c estimated size: 276

C:\Program Files\Microchip\xc8\v2.36\pic\sources\c99\common\flge.c
		___flge        		CODE           	327A	0000	260

C:\Program Files\Microchip\xc8\v2.36\pic\sources\c99\common\flge.c estimated size: 260

main.c
		_lerTeclado    		CODE           	2F14	0000	332
		_main          		CODE           	39EE	0000	136
		_lerTemp       		CODE           	3F0A	0000	44
		_menuConfig    		CODE           	29D8	0000	458
		_menuTemperatura		CODE           	250E	0000	696

main.c estimated size: 1666

C:\Program Files\Microchip\xc8\v2.36\pic\sources\c99\common\Umul16.c
		___wmul        		CODE           	3F5C	0000	38

C:\Program Files\Microchip\xc8\v2.36\pic\sources\c99\common\Umul16.c estimated size: 38

C:\Program Files\Microchip\xc8\v2.36\pic\sources\c99\common\flneg.c
		___flneg       		CODE           	3E64	0000	56

C:\Program Files\Microchip\xc8\v2.36\pic\sources\c99\common\flneg.c estimated size: 56

C:\Program Files\Microchip\xc8\v2.36\pic\sources\c99\common\isupper.c
		_isupper       		CODE           	3E2C	0000	56

C:\Program Files\Microchip\xc8\v2.36\pic\sources\c99\common\isupper.c estimated size: 56

